// Jest Snapshot v1, https://goo.gl/fbAQLP

exports[`TextInput should match snapshot 1`] = `
ShallowWrapper {
  "length": 1,
  Symbol(enzyme.__root__): [Circular],
  Symbol(enzyme.__unrendered__): <TextInput
    label="some-text-label"
    onChange={[MockFunction]}
    value="some-text-value"
    width={300}
  />,
  Symbol(enzyme.__renderer__): Object {
    "batchedUpdates": [Function],
    "getNode": [Function],
    "render": [Function],
    "simulateEvent": [Function],
    "unmount": [Function],
  },
  Symbol(enzyme.__node__): Object {
    "instance": null,
    "key": undefined,
    "nodeType": "host",
    "props": Object {
      "children": Array [
        <input
          onBlur={[Function]}
          onChange={[Function]}
          required={true}
          style={
            Object {
              "width": 300,
            }
          }
          type="text"
          value="some-text-value"
        />,
        <label>
          some-text-label
        </label>,
      ],
      "className": "text-input flex-vertical",
    },
    "ref": null,
    "rendered": Array [
      Object {
        "instance": null,
        "key": undefined,
        "nodeType": "host",
        "props": Object {
          "onBlur": [Function],
          "onChange": [Function],
          "required": true,
          "style": Object {
            "width": 300,
          },
          "type": "text",
          "value": "some-text-value",
        },
        "ref": null,
        "rendered": null,
        "type": "input",
      },
      Object {
        "instance": null,
        "key": undefined,
        "nodeType": "host",
        "props": Object {
          "children": "some-text-label",
        },
        "ref": null,
        "rendered": "some-text-label",
        "type": "label",
      },
    ],
    "type": "div",
  },
  Symbol(enzyme.__nodes__): Array [
    Object {
      "instance": null,
      "key": undefined,
      "nodeType": "host",
      "props": Object {
        "children": Array [
          <input
            onBlur={[Function]}
            onChange={[Function]}
            required={true}
            style={
              Object {
                "width": 300,
              }
            }
            type="text"
            value="some-text-value"
          />,
          <label>
            some-text-label
          </label>,
        ],
        "className": "text-input flex-vertical",
      },
      "ref": null,
      "rendered": Array [
        Object {
          "instance": null,
          "key": undefined,
          "nodeType": "host",
          "props": Object {
            "onBlur": [Function],
            "onChange": [Function],
            "required": true,
            "style": Object {
              "width": 300,
            },
            "type": "text",
            "value": "some-text-value",
          },
          "ref": null,
          "rendered": null,
          "type": "input",
        },
        Object {
          "instance": null,
          "key": undefined,
          "nodeType": "host",
          "props": Object {
            "children": "some-text-label",
          },
          "ref": null,
          "rendered": "some-text-label",
          "type": "label",
        },
      ],
      "type": "div",
    },
  ],
  Symbol(enzyme.__options__): Object {
    "adapter": ReactSixteenAdapter {
      "options": Object {
        "enableComponentDidUpdateOnSetState": true,
      },
    },
  },
}
`;
